
Compiling lib\main.dart for the Web...                           1,299ms
ΓêÜ Built build\web
